
biotConsolidationFoam, 100 cells, dt = 0.25 s   (p0 = 0.7018 sigma0, s0 = 4.386 mm, s_inf = 10.000 mm)
    Tv  Linf(p)/p0  Linf(w)/s_inf  settlement err/s_inf
  0.05    6.95e-03       8.82e-04             -8.64e-04
   0.1    3.38e-03       6.26e-04             -6.14e-04
   0.2    1.32e-03       4.97e-04             -4.88e-04
   0.4    1.44e-03       5.19e-04             -5.13e-04
   0.8    1.08e-03       3.86e-04             -3.84e-04
Fixed-stress iterations per step: mean 3.20, max 6
Solver vs reference implementation: max |dp|/p0 = 1.66e-10, max |dw|/s_inf = 6.03e-11
Plot: /home/nakul/foam/nakul-4.1/RUN/portfolio/poro-consolidation-solver/biot/validation/biotConsolidationFoam/biot_vs_exact.png
Max coupled residuals: mass=5.890e-12, mechanics=1.720e-10
Final normalized content: physical=-8.83908113e-01, stabilization=-2.80309441e-03, outward drainage=+8.86711208e-01; max balance error=2.328e-10

CHECK PASSED
PASS fixed-stress vs monolithic: dp/p0=6.916e-12, dw/s_inf=5.097e-13
PASS restart equivalence: dp/p0=1.425e-12, dw/s_inf=1.000e-12, ds/s_inf=0.000e+00
PASS iteration-cap failure is explicit (expected failure)
PASS rejects nan
PASS rejects missing_time
PASS rejects missing_step
PASS rejects balance
PASS C++ rejects graded mesh outside stabilization assumptions
RELIABILITY CHECKS PASSED

Mesh refinement (biotConsolidationFoam, Richardson in time from dt = 0.002 and 0.001 s, Tv = 0.2)
 cells   L2(p)/p0  order  L2(w)/s_inf  order
    10  1.173e-03           3.167e-05       
    20  2.924e-04   2.00    7.760e-06   2.03
    40  7.304e-05   2.00    1.930e-06   2.01
    80  1.826e-05   2.00    4.821e-07   2.00
   160  4.564e-06   2.00    1.204e-07   2.00

Time-step refinement (biotConsolidationFoam, 800 cells, Tv = 0.2)
dt [s]   L2(p)/p0  order  L2(w)/s_inf  order
     2  7.686e-03           2.380e-03       
     1  3.811e-03   1.01    1.202e-03   0.99
   0.5  1.896e-03   1.01    6.039e-04   0.99
  0.25  9.459e-04   1.00    3.027e-04   1.00
 0.125  4.724e-04   1.00    1.515e-04   1.00
Plot: /home/nakul/foam/nakul-4.1/RUN/portfolio/poro-consolidation-solver/biot/validation/biotConsolidationFoam/biot_convergence.png
REFINEMENT GATES PASSED

Early-time oscillations (biotConsolidationFoam, alpha = 1, M = 1e+13 Pa, 50 cells, one step)
 c dt/dz^2  stab  max(p)/p0 - 1  TV excess/p0  FS iters
   2.5e-01    no      +4.20e-11      1.78e-10        31
   2.5e-01   yes      +8.88e-16      0.00e+00        20
   2.5e-02    no      +1.25e-01      3.95e-01       185
   2.5e-02   yes      +8.88e-16      0.00e+00        26
   2.5e-03    no      +7.43e-02      7.43e-01      1428
   2.5e-03   yes      +1.70e-11      4.10e-11        24
Plot: /home/nakul/foam/nakul-4.1/RUN/portfolio/poro-consolidation-solver/biot/validation/biotConsolidationFoam/biot_oscillations.png
NC: COUPLING_NOT_CONVERGED; see /home/nakul/foam/nakul-4.1/RUN/portfolio/poro-consolidation-solver/biot/runs/biotConsolidationFoam/fs_beta0.5_dt0.01/log.biotConsolidationFoam
NC: COUPLING_NOT_CONVERGED; see /home/nakul/foam/nakul-4.1/RUN/portfolio/poro-consolidation-solver/biot/runs/biotConsolidationFoam/fs_beta0.5_dt0.0001/log.biotConsolidationFoam

Fixed-stress iterations per step (biotConsolidationFoam, alpha = 1, M = 1e+13 Pa, tol 1e-08, cap 3000)
 c dt/dz^2  no stabilization  stabilized
   2.5e+01               5.0         5.0
   2.5e+00               8.0         8.0
   2.5e-01              20.3        15.3
   2.5e-02             111.3        20.0
   2.5e-03             758.3        18.0

Stabilized, beta = f * alpha^2/Mc
 c dt/dz^2   f=0.5   f=0.6  f=0.75     f=1   f=1.5     f=2
   2.5e+01   318.7    36.0    15.0     5.0    14.7    22.0
   2.5e-01      NC    32.0    13.3    15.3    20.0    25.3
   2.5e-03      NC    22.0    15.0    18.0    24.0    31.0
Plot: /home/nakul/foam/nakul-4.1/RUN/portfolio/poro-consolidation-solver/biot/validation/biotConsolidationFoam/biot_fixed_stress.png
Parameter scan complete; NC entries are failed solves, not verified solutions.
